Component: Arm Compiler for Embedded 6.19 Tool: armlink [5e73cb00]

==============================================================================

Section Cross References

    clock.o(.ARM.exidx.text.initClock) refers to clock.o(.text.initClock) for [Anonymous Symbol]
    gpio.o(.ARM.exidx.text.GPIO_WritePin) refers to gpio.o(.text.GPIO_WritePin) for [Anonymous Symbol]
    gpio.o(.ARM.exidx.text.GPIO_Init) refers to gpio.o(.text.GPIO_Init) for [Anonymous Symbol]
    sys_init.o(.text.SysTick_Handler) refers to sys_init.o(.bss.msTicks) for msTicks
    sys_init.o(.ARM.exidx.text.SysTick_Handler) refers to sys_init.o(.text.SysTick_Handler) for [Anonymous Symbol]
    sys_init.o(.text.sysInit) refers to sys_init.o(.text.SysTick_Config) for SysTick_Config
    sys_init.o(.ARM.exidx.text.sysInit) refers to sys_init.o(.text.sysInit) for [Anonymous Symbol]
    sys_init.o(.text.SysTick_Config) refers to sys_init.o(.text.__NVIC_SetPriority) for __NVIC_SetPriority
    sys_init.o(.ARM.exidx.text.SysTick_Config) refers to sys_init.o(.text.SysTick_Config) for [Anonymous Symbol]
    sys_init.o(.text.getmsTick) refers to sys_init.o(.bss.msTicks) for msTicks
    sys_init.o(.ARM.exidx.text.getmsTick) refers to sys_init.o(.text.getmsTick) for [Anonymous Symbol]
    sys_init.o(.text.ms_delay) refers to sys_init.o(.bss.msTicks) for msTicks
    sys_init.o(.ARM.exidx.text.ms_delay) refers to sys_init.o(.text.ms_delay) for [Anonymous Symbol]
    sys_init.o(.ARM.exidx.text.__NVIC_SetPriority) refers to sys_init.o(.text.__NVIC_SetPriority) for [Anonymous Symbol]
    usart.o(.text._USART_WRITE) refers to usart.o(.text.UART_SendChar) for UART_SendChar
    usart.o(.ARM.exidx.text._USART_WRITE) refers to usart.o(.text._USART_WRITE) for [Anonymous Symbol]
    usart.o(.ARM.exidx.text.UART_SendChar) refers to usart.o(.text.UART_SendChar) for [Anonymous Symbol]
    usart.o(.text._USART_READ) refers to usart.o(.text.UART_GetChar) for UART_GetChar
    usart.o(.ARM.exidx.text._USART_READ) refers to usart.o(.text._USART_READ) for [Anonymous Symbol]
    usart.o(.ARM.exidx.text.UART_GetChar) refers to usart.o(.text.UART_GetChar) for [Anonymous Symbol]
    usart.o(.text._USART_READ_STR) refers to usart.o(.text.UART_GetChar) for UART_GetChar
    usart.o(.ARM.exidx.text._USART_READ_STR) refers to usart.o(.text._USART_READ_STR) for [Anonymous Symbol]
    usart.o(.text.UART_SendString) refers to usart.o(.text.UART_SendChar) for UART_SendChar
    usart.o(.ARM.exidx.text.UART_SendString) refers to usart.o(.text.UART_SendString) for [Anonymous Symbol]
    usart.o(.text.UART_GetString) refers to usart.o(.text.UART_GetChar) for UART_GetChar
    usart.o(.ARM.exidx.text.UART_GetString) refers to usart.o(.text.UART_GetString) for [Anonymous Symbol]
    usart.o(.ARM.exidx.text.UART2_Config) refers to usart.o(.text.UART2_Config) for [Anonymous Symbol]
    test.o(.text.check_Light) refers to gpio.o(.text.GPIO_Init) for GPIO_Init
    test.o(.text.check_Light) refers to gpio.o(.text.GPIO_WritePin) for GPIO_WritePin
    test.o(.text.check_Light) refers to sys_init.o(.text.ms_delay) for ms_delay
    test.o(.ARM.exidx.text.check_Light) refers to test.o(.text.check_Light) for [Anonymous Symbol]
    main.o(.text.get_random) refers to rand.o(.emb_text) for rand
    main.o(.text.get_random) refers to abs.o(.text) for abs
    main.o(.ARM.exidx.text.get_random) refers to main.o(.text.get_random) for [Anonymous Symbol]
    main.o(.text.up_down_traffic_load) refers to gpio.o(.text.GPIO_Init) for GPIO_Init
    main.o(.ARM.exidx.text.up_down_traffic_load) refers to main.o(.text.up_down_traffic_load) for [Anonymous Symbol]
    main.o(.text.left_right_traffic_load) refers to gpio.o(.text.GPIO_Init) for GPIO_Init
    main.o(.ARM.exidx.text.left_right_traffic_load) refers to main.o(.text.left_right_traffic_load) for [Anonymous Symbol]
    main.o(.text.update_cars) refers to main.o(.text.update_left_cars) for update_left_cars
    main.o(.text.update_cars) refers to main.o(.text.update_right_cars) for update_right_cars
    main.o(.text.update_cars) refers to main.o(.bss.upper_car) for upper_car
    main.o(.text.update_cars) refers to main.o(.text.get_random) for get_random
    main.o(.text.update_cars) refers to main.o(.bss.lower_car) for lower_car
    main.o(.text.update_cars) refers to main.o(.text.update_upper_cars) for update_upper_cars
    main.o(.text.update_cars) refers to main.o(.text.update_lower_cars) for update_lower_cars
    main.o(.text.update_cars) refers to main.o(.bss.left_car) for left_car
    main.o(.text.update_cars) refers to main.o(.bss.right_car) for right_car
    main.o(.ARM.exidx.text.update_cars) refers to main.o(.text.update_cars) for [Anonymous Symbol]
    main.o(.text.update_left_cars) refers to gpio.o(.text.GPIO_Init) for GPIO_Init
    main.o(.text.update_left_cars) refers to main.o(.bss.left_car) for left_car
    main.o(.text.update_left_cars) refers to main.o(.text.get_random) for get_random
    main.o(.ARM.exidx.text.update_left_cars) refers to main.o(.text.update_left_cars) for [Anonymous Symbol]
    main.o(.text.update_right_cars) refers to gpio.o(.text.GPIO_Init) for GPIO_Init
    main.o(.text.update_right_cars) refers to main.o(.bss.right_car) for right_car
    main.o(.text.update_right_cars) refers to main.o(.text.get_random) for get_random
    main.o(.ARM.exidx.text.update_right_cars) refers to main.o(.text.update_right_cars) for [Anonymous Symbol]
    main.o(.text.update_upper_cars) refers to gpio.o(.text.GPIO_Init) for GPIO_Init
    main.o(.text.update_upper_cars) refers to main.o(.bss.upper_car) for upper_car
    main.o(.text.update_upper_cars) refers to main.o(.text.get_random) for get_random
    main.o(.ARM.exidx.text.update_upper_cars) refers to main.o(.text.update_upper_cars) for [Anonymous Symbol]
    main.o(.text.update_lower_cars) refers to gpio.o(.text.GPIO_Init) for GPIO_Init
    main.o(.text.update_lower_cars) refers to main.o(.bss.lower_car) for lower_car
    main.o(.text.update_lower_cars) refers to main.o(.text.get_random) for get_random
    main.o(.ARM.exidx.text.update_lower_cars) refers to main.o(.text.update_lower_cars) for [Anonymous Symbol]
    main.o(.text.init_lights) refers to main.o(.bss.up_down_lights) for up_down_lights
    main.o(.text.init_lights) refers to main.o(.bss.left_right_lights) for left_right_lights
    main.o(.ARM.exidx.text.init_lights) refers to main.o(.text.init_lights) for [Anonymous Symbol]
    main.o(.text.init_cars) refers to main.o(.text.get_random) for get_random
    main.o(.text.init_cars) refers to main.o(.bss.left_car) for left_car
    main.o(.text.init_cars) refers to main.o(.bss.right_car) for right_car
    main.o(.text.init_cars) refers to main.o(.bss.upper_car) for upper_car
    main.o(.text.init_cars) refers to main.o(.bss.lower_car) for lower_car
    main.o(.ARM.exidx.text.init_cars) refers to main.o(.text.init_cars) for [Anonymous Symbol]
    main.o(.text.init_pins) refers to main.o(.bss.Upper_car) for Upper_car
    main.o(.text.init_pins) refers to main.o(.bss.Lower_car) for Lower_car
    main.o(.text.init_pins) refers to main.o(.bss.Right_car) for Right_car
    main.o(.text.init_pins) refers to main.o(.bss.Left_car) for Left_car
    main.o(.text.init_pins) refers to main.o(.bss.Up_Down_Lights) for Up_Down_Lights
    main.o(.text.init_pins) refers to main.o(.bss.Left_Right_Lights) for Left_Right_Lights
    main.o(.text.init_pins) refers to gpio.o(.text.GPIO_Init) for GPIO_Init
    main.o(.ARM.exidx.text.init_pins) refers to main.o(.text.init_pins) for [Anonymous Symbol]
    main.o(.text.turn_on_the_lights) refers to main.o(.bss.Left_car) for Left_car
    main.o(.text.turn_on_the_lights) refers to main.o(.bss.left_car) for left_car
    main.o(.text.turn_on_the_lights) refers to gpio.o(.text.GPIO_WritePin) for GPIO_WritePin
    main.o(.text.turn_on_the_lights) refers to main.o(.bss.Right_car) for Right_car
    main.o(.text.turn_on_the_lights) refers to main.o(.bss.right_car) for right_car
    main.o(.text.turn_on_the_lights) refers to main.o(.bss.Upper_car) for Upper_car
    main.o(.text.turn_on_the_lights) refers to main.o(.bss.upper_car) for upper_car
    main.o(.text.turn_on_the_lights) refers to main.o(.bss.Lower_car) for Lower_car
    main.o(.text.turn_on_the_lights) refers to main.o(.bss.lower_car) for lower_car
    main.o(.text.turn_on_the_lights) refers to main.o(.bss.Up_Down_Lights) for Up_Down_Lights
    main.o(.text.turn_on_the_lights) refers to main.o(.bss.up_down_lights) for up_down_lights
    main.o(.text.turn_on_the_lights) refers to main.o(.bss.Left_Right_Lights) for Left_Right_Lights
    main.o(.text.turn_on_the_lights) refers to main.o(.bss.left_right_lights) for left_right_lights
    main.o(.ARM.exidx.text.turn_on_the_lights) refers to main.o(.text.turn_on_the_lights) for [Anonymous Symbol]
    main.o(.text.main) refers to clock.o(.text.initClock) for initClock
    main.o(.text.main) refers to sys_init.o(.text.sysInit) for sysInit
    main.o(.text.main) refers to usart.o(.text.UART2_Config) for UART2_Config
    main.o(.text.main) refers to main.o(.text.init_lights) for init_lights
    main.o(.text.main) refers to main.o(.text.init_cars) for init_cars
    main.o(.text.main) refers to main.o(.text.init_pins) for init_pins
    main.o(.text.main) refers to main.o(.text.update_cars) for update_cars
    main.o(.text.main) refers to main.o(.bss.left_right_lights) for left_right_lights
    main.o(.text.main) refers to main.o(.text.left_right_traffic_load) for left_right_traffic_load
    main.o(.text.main) refers to main.o(.text.up_down_traffic_load) for up_down_traffic_load
    main.o(.text.main) refers to main.o(.bss.up_down_lights) for up_down_lights
    main.o(.text.main) refers to main.o(.text.turn_on_the_lights) for turn_on_the_lights
    main.o(.text.main) refers to sys_init.o(.text.ms_delay) for ms_delay
    main.o(.ARM.exidx.text.main) refers to main.o(.text.main) for [Anonymous Symbol]
    startup_stm32f446xx.o(STACK) refers (Special) to heapauxi.o(.text) for __use_two_region_memory
    startup_stm32f446xx.o(HEAP) refers (Special) to heapauxi.o(.text) for __use_two_region_memory
    startup_stm32f446xx.o(RESET) refers (Special) to heapauxi.o(.text) for __use_two_region_memory
    startup_stm32f446xx.o(RESET) refers to startup_stm32f446xx.o(STACK) for __initial_sp
    startup_stm32f446xx.o(RESET) refers to startup_stm32f446xx.o(.text) for Reset_Handler
    startup_stm32f446xx.o(RESET) refers to sys_init.o(.text.SysTick_Handler) for SysTick_Handler
    startup_stm32f446xx.o(.text) refers (Special) to heapauxi.o(.text) for __use_two_region_memory
    startup_stm32f446xx.o(.text) refers to system_stm32f4xx.o(.text.SystemInit) for SystemInit
    startup_stm32f446xx.o(.text) refers to __main.o(!!!main) for __main
    startup_stm32f446xx.o(.text) refers to startup_stm32f446xx.o(HEAP) for Heap_Mem
    startup_stm32f446xx.o(.text) refers to startup_stm32f446xx.o(STACK) for Stack_Mem
    system_stm32f4xx.o(.ARM.exidx.text.SystemInit) refers to system_stm32f4xx.o(.text.SystemInit) for [Anonymous Symbol]
    system_stm32f4xx.o(.text.SystemCoreClockUpdate) refers to system_stm32f4xx.o(.data.SystemCoreClock) for SystemCoreClock
    system_stm32f4xx.o(.text.SystemCoreClockUpdate) refers to system_stm32f4xx.o(.rodata.AHBPrescTable) for AHBPrescTable
    system_stm32f4xx.o(.ARM.exidx.text.SystemCoreClockUpdate) refers to system_stm32f4xx.o(.text.SystemCoreClockUpdate) for [Anonymous Symbol]
    rand.o(.emb_text) refers (Special) to libinit2.o(.ARM.Collect$$libinit$$0000000F) for __rt_lib_init_rand_2
    rand.o(.emb_text) refers to rand.o(.text) for _rand_init
    rand.o(.emb_text) refers to rand.o(.bss) for _random_number_data
    rand.o(.text) refers (Special) to libinit2.o(.ARM.Collect$$libinit$$0000000F) for __rt_lib_init_rand_2
    rand.o(.text) refers to rand.o(.bss) for .bss
    rand.o(.bss) refers (Special) to libinit2.o(.ARM.Collect$$libinit$$0000000F) for __rt_lib_init_rand_2
    __main.o(!!!main) refers to __rtentry.o(.ARM.Collect$$rtentry$$00000000) for __rt_entry
    __rtentry.o(.ARM.Collect$$rtentry$$00000000) refers (Special) to __rtentry2.o(.ARM.Collect$$rtentry$$0000000A) for __rt_entry_li
    __rtentry.o(.ARM.Collect$$rtentry$$00000000) refers (Special) to __rtentry2.o(.ARM.Collect$$rtentry$$0000000D) for __rt_entry_main
    __rtentry.o(.ARM.Collect$$rtentry$$00000000) refers (Special) to __rtentry2.o(.ARM.Collect$$rtentry$$0000000C) for __rt_entry_postli_1
    __rtentry.o(.ARM.Collect$$rtentry$$00000000) refers (Special) to __rtentry2.o(.ARM.Collect$$rtentry$$00000009) for __rt_entry_postsh_1
    __rtentry.o(.ARM.Collect$$rtentry$$00000000) refers (Special) to __rtentry2.o(.ARM.Collect$$rtentry$$00000002) for __rt_entry_presh_1
    __rtentry.o(.ARM.Collect$$rtentry$$00000000) refers (Special) to __rtentry4.o(.ARM.Collect$$rtentry$$00000004) for __rt_entry_sh
    libinit2.o(.ARM.Collect$$libinit$$00000001) refers to fpinit.o(x$fpl$fpinit) for _fp_init
    libinit2.o(.ARM.Collect$$libinit$$0000000F) refers (Weak) to rand.o(.text) for _rand_init
    libinit2.o(.ARM.Collect$$libinit$$00000012) refers to libinit2.o(.ARM.Collect$$libinit$$00000011) for .ARM.Collect$$libinit$$00000011
    libinit2.o(.ARM.Collect$$libinit$$00000014) refers to libinit2.o(.ARM.Collect$$libinit$$00000011) for .ARM.Collect$$libinit$$00000011
    libinit2.o(.ARM.Collect$$libinit$$00000016) refers to libinit2.o(.ARM.Collect$$libinit$$00000011) for .ARM.Collect$$libinit$$00000011
    libinit2.o(.ARM.Collect$$libinit$$00000018) refers to libinit2.o(.ARM.Collect$$libinit$$00000011) for .ARM.Collect$$libinit$$00000011
    libinit2.o(.ARM.Collect$$libinit$$0000001A) refers to libinit2.o(.ARM.Collect$$libinit$$00000011) for .ARM.Collect$$libinit$$00000011
    libinit2.o(.ARM.Collect$$libinit$$00000028) refers to argv_veneer.o(.emb_text) for __ARM_argv_veneer
    libinit2.o(.ARM.Collect$$libinit$$00000029) refers to argv_veneer.o(.emb_text) for __ARM_argv_veneer
    __rtentry2.o(.ARM.Collect$$rtentry$$00000008) refers to boardinit2.o(.text) for _platform_post_stackheap_init
    __rtentry2.o(.ARM.Collect$$rtentry$$0000000A) refers to libinit.o(.ARM.Collect$$libinit$$00000000) for __rt_lib_init
    __rtentry2.o(.ARM.Collect$$rtentry$$0000000B) refers to boardinit3.o(.text) for _platform_post_lib_init
    __rtentry2.o(.ARM.Collect$$rtentry$$0000000D) refers to main.o(.text.main) for main
    __rtentry2.o(.ARM.Collect$$rtentry$$0000000D) refers to exit.o(.text) for exit
    __rtentry2.o(.ARM.exidx) refers to __rtentry2.o(.ARM.Collect$$rtentry$$00000001) for .ARM.Collect$$rtentry$$00000001
    __rtentry2.o(.ARM.exidx) refers to __rtentry2.o(.ARM.Collect$$rtentry$$00000008) for .ARM.Collect$$rtentry$$00000008
    __rtentry2.o(.ARM.exidx) refers to __rtentry2.o(.ARM.Collect$$rtentry$$0000000A) for .ARM.Collect$$rtentry$$0000000A
    __rtentry2.o(.ARM.exidx) refers to __rtentry2.o(.ARM.Collect$$rtentry$$0000000B) for .ARM.Collect$$rtentry$$0000000B
    __rtentry2.o(.ARM.exidx) refers to __rtentry2.o(.ARM.Collect$$rtentry$$0000000D) for .ARM.Collect$$rtentry$$0000000D
    __rtentry4.o(.ARM.Collect$$rtentry$$00000004) refers to sys_stackheap_outer.o(.text) for __user_setup_stackheap
    __rtentry4.o(.ARM.exidx) refers to __rtentry4.o(.ARM.Collect$$rtentry$$00000004) for .ARM.Collect$$rtentry$$00000004
    argv_veneer.o(.emb_text) refers to no_argv.o(.text) for __ARM_get_argv
    sys_stackheap_outer.o(.text) refers to libspace.o(.text) for __user_perproc_libspace
    sys_stackheap_outer.o(.text) refers to startup_stm32f446xx.o(.text) for __user_initial_stackheap
    exit.o(.text) refers to rtexit.o(.ARM.Collect$$rtexit$$00000000) for __rt_exit
    _get_argv_nomalloc.o(.text) refers (Special) to hrguard.o(.text) for __heap_region$guard
    _get_argv_nomalloc.o(.text) refers to defsig_rtmem_outer.o(.text) for __rt_SIGRTMEM
    _get_argv_nomalloc.o(.text) refers to sys_command.o(.text) for _sys_command_string
    libinit.o(.ARM.Collect$$libinit$$00000000) refers (Special) to libinit2.o(.ARM.Collect$$libinit$$00000030) for __rt_lib_init_alloca_1
    libinit.o(.ARM.Collect$$libinit$$00000000) refers (Special) to libinit2.o(.ARM.Collect$$libinit$$0000002E) for __rt_lib_init_argv_1
    libinit.o(.ARM.Collect$$libinit$$00000000) refers (Special) to libinit2.o(.ARM.Collect$$libinit$$0000001D) for __rt_lib_init_atexit_1
    libinit.o(.ARM.Collect$$libinit$$00000000) refers (Special) to libinit2.o(.ARM.Collect$$libinit$$00000023) for __rt_lib_init_clock_1
    libinit.o(.ARM.Collect$$libinit$$00000000) refers (Special) to libinit2.o(.ARM.Collect$$libinit$$00000034) for __rt_lib_init_cpp_1
    libinit.o(.ARM.Collect$$libinit$$00000000) refers (Special) to libinit2.o(.ARM.Collect$$libinit$$00000032) for __rt_lib_init_exceptions_1
    libinit.o(.ARM.Collect$$libinit$$00000000) refers (Special) to libinit2.o(.ARM.Collect$$libinit$$00000001) for __rt_lib_init_fp_1
    libinit.o(.ARM.Collect$$libinit$$00000000) refers (Special) to libinit2.o(.ARM.Collect$$libinit$$00000021) for __rt_lib_init_fp_trap_1
    libinit.o(.ARM.Collect$$libinit$$00000000) refers (Special) to libinit2.o(.ARM.Collect$$libinit$$00000025) for __rt_lib_init_getenv_1
    libinit.o(.ARM.Collect$$libinit$$00000000) refers (Special) to libinit2.o(.ARM.Collect$$libinit$$0000000C) for __rt_lib_init_heap_1
    libinit.o(.ARM.Collect$$libinit$$00000000) refers (Special) to libinit2.o(.ARM.Collect$$libinit$$00000013) for __rt_lib_init_lc_collate_1
    libinit.o(.ARM.Collect$$libinit$$00000000) refers (Special) to libinit2.o(.ARM.Collect$$libinit$$00000015) for __rt_lib_init_lc_ctype_1
    libinit.o(.ARM.Collect$$libinit$$00000000) refers (Special) to libinit2.o(.ARM.Collect$$libinit$$00000017) for __rt_lib_init_lc_monetary_1
    libinit.o(.ARM.Collect$$libinit$$00000000) refers (Special) to libinit2.o(.ARM.Collect$$libinit$$00000019) for __rt_lib_init_lc_numeric_1
    libinit.o(.ARM.Collect$$libinit$$00000000) refers (Special) to libinit2.o(.ARM.Collect$$libinit$$0000001B) for __rt_lib_init_lc_time_1
    libinit.o(.ARM.Collect$$libinit$$00000000) refers (Special) to libinit2.o(.ARM.Collect$$libinit$$00000006) for __rt_lib_init_preinit_1
    libinit.o(.ARM.Collect$$libinit$$00000000) refers (Special) to libinit2.o(.ARM.Collect$$libinit$$00000010) for __rt_lib_init_rand_1
    libinit.o(.ARM.Collect$$libinit$$00000000) refers (Special) to libinit2.o(.ARM.Collect$$libinit$$00000004) for __rt_lib_init_relocate_pie_1
    libinit.o(.ARM.Collect$$libinit$$00000000) refers (Special) to libinit2.o(.ARM.Collect$$libinit$$00000035) for __rt_lib_init_return
    libinit.o(.ARM.Collect$$libinit$$00000000) refers (Special) to libinit2.o(.ARM.Collect$$libinit$$0000001F) for __rt_lib_init_signal_1
    libinit.o(.ARM.Collect$$libinit$$00000000) refers (Special) to libinit2.o(.ARM.Collect$$libinit$$00000027) for __rt_lib_init_stdio_1
    libinit.o(.ARM.Collect$$libinit$$00000000) refers (Special) to libinit2.o(.ARM.Collect$$libinit$$0000000E) for __rt_lib_init_user_alloc_1
    sys_command.o(.text) refers (Special) to use_no_semi.o(.text) for __I$use$semihosting
    sys_command.o(.text) refers (Special) to indicate_semi.o(.text) for __semihosting_library_function
    sys_command_hlt.o(.text) refers (Special) to use_no_semi.o(.text) for __I$use$semihosting
    sys_command_hlt.o(.text) refers (Special) to indicate_semi.o(.text) for __semihosting_library_function
    libspace.o(.text) refers to libspace.o(.bss) for __libspace_start
    rtexit.o(.ARM.Collect$$rtexit$$00000000) refers (Special) to rtexit2.o(.ARM.Collect$$rtexit$$00000004) for __rt_exit_exit
    rtexit.o(.ARM.Collect$$rtexit$$00000000) refers (Special) to rtexit2.o(.ARM.Collect$$rtexit$$00000003) for __rt_exit_ls
    rtexit.o(.ARM.Collect$$rtexit$$00000000) refers (Special) to rtexit2.o(.ARM.Collect$$rtexit$$00000002) for __rt_exit_prels_1
    rtexit.o(.ARM.exidx) refers (Special) to rtexit2.o(.ARM.Collect$$rtexit$$00000004) for __rt_exit_exit
    rtexit.o(.ARM.exidx) refers (Special) to rtexit2.o(.ARM.Collect$$rtexit$$00000003) for __rt_exit_ls
    rtexit.o(.ARM.exidx) refers (Special) to rtexit2.o(.ARM.Collect$$rtexit$$00000002) for __rt_exit_prels_1
    rtexit.o(.ARM.exidx) refers to rtexit.o(.ARM.Collect$$rtexit$$00000000) for .ARM.Collect$$rtexit$$00000000
    defsig_rtmem_outer.o(.text) refers to defsig_rtmem_inner.o(.text) for __rt_SIGRTMEM_inner
    defsig_rtmem_outer.o(.text) refers to defsig_exit.o(.text) for __sig_exit
    defsig_rtmem_formal.o(.text) refers to rt_raise.o(.text) for __rt_raise
    rtexit2.o(.ARM.Collect$$rtexit$$00000003) refers to libshutdown.o(.ARM.Collect$$libshutdown$$00000000) for __rt_lib_shutdown
    rtexit2.o(.ARM.Collect$$rtexit$$00000004) refers to sys_exit.o(.text) for _sys_exit
    rtexit2.o(.ARM.exidx) refers to rtexit2.o(.ARM.Collect$$rtexit$$00000001) for .ARM.Collect$$rtexit$$00000001
    rtexit2.o(.ARM.exidx) refers to rtexit2.o(.ARM.Collect$$rtexit$$00000003) for .ARM.Collect$$rtexit$$00000003
    rtexit2.o(.ARM.exidx) refers to rtexit2.o(.ARM.Collect$$rtexit$$00000004) for .ARM.Collect$$rtexit$$00000004
    rt_raise.o(.text) refers to __raise.o(.text) for __raise
    rt_raise.o(.text) refers to sys_exit.o(.text) for _sys_exit
    defsig_exit.o(.text) refers to sys_exit.o(.text) for _sys_exit
    defsig_rtmem_inner.o(.text) refers to defsig_general.o(.text) for __default_signal_display
    sys_exit.o(.text) refers (Special) to use_no_semi.o(.text) for __I$use$semihosting
    sys_exit.o(.text) refers (Special) to indicate_semi.o(.text) for __semihosting_library_function
    sys_exit_hlt.o(.text) refers (Special) to use_no_semi.o(.text) for __I$use$semihosting
    sys_exit_hlt.o(.text) refers (Special) to indicate_semi.o(.text) for __semihosting_library_function
    __raise.o(.text) refers to defsig.o(CL$$defsig) for __default_signal_handler
    defsig_general.o(.text) refers to sys_wrch.o(.text) for _ttywrch
    libshutdown.o(.ARM.Collect$$libshutdown$$00000000) refers (Special) to libshutdown2.o(.ARM.Collect$$libshutdown$$00000002) for __rt_lib_shutdown_cpp_1
    libshutdown.o(.ARM.Collect$$libshutdown$$00000000) refers (Special) to libshutdown2.o(.ARM.Collect$$libshutdown$$00000007) for __rt_lib_shutdown_fp_trap_1
    libshutdown.o(.ARM.Collect$$libshutdown$$00000000) refers (Special) to libshutdown2.o(.ARM.Collect$$libshutdown$$0000000F) for __rt_lib_shutdown_heap_1
    libshutdown.o(.ARM.Collect$$libshutdown$$00000000) refers (Special) to libshutdown2.o(.ARM.Collect$$libshutdown$$00000010) for __rt_lib_shutdown_return
    libshutdown.o(.ARM.Collect$$libshutdown$$00000000) refers (Special) to libshutdown2.o(.ARM.Collect$$libshutdown$$0000000A) for __rt_lib_shutdown_signal_1
    libshutdown.o(.ARM.Collect$$libshutdown$$00000000) refers (Special) to libshutdown2.o(.ARM.Collect$$libshutdown$$00000004) for __rt_lib_shutdown_stdio_1
    libshutdown.o(.ARM.Collect$$libshutdown$$00000000) refers (Special) to libshutdown2.o(.ARM.Collect$$libshutdown$$0000000C) for __rt_lib_shutdown_user_alloc_1
    sys_wrch.o(.text) refers (Special) to use_no_semi.o(.text) for __I$use$semihosting
    sys_wrch.o(.text) refers (Special) to indicate_semi.o(.text) for __semihosting_library_function
    sys_wrch_hlt.o(.text) refers (Special) to use_no_semi.o(.text) for __I$use$semihosting
    sys_wrch_hlt.o(.text) refers (Special) to indicate_semi.o(.text) for __semihosting_library_function
    defsig.o(CL$$defsig) refers to defsig_rtmem_inner.o(.text) for __rt_SIGRTMEM_inner
    defsig_abrt_inner.o(.text) refers to defsig_general.o(.text) for __default_signal_display
    defsig_fpe_inner.o(.text) refers to defsig_general.o(.text) for __default_signal_display
    defsig_rtred_inner.o(.text) refers to defsig_general.o(.text) for __default_signal_display
    defsig_stak_inner.o(.text) refers to defsig_general.o(.text) for __default_signal_display
    defsig_pvfn_inner.o(.text) refers to defsig_general.o(.text) for __default_signal_display
    defsig_cppl_inner.o(.text) refers to defsig_general.o(.text) for __default_signal_display
    defsig_segv_inner.o(.text) refers to defsig_general.o(.text) for __default_signal_display
    defsig_other.o(.text) refers to defsig_general.o(.text) for __default_signal_display


==============================================================================

Removing Unused input sections from the image.

    Removing clock.o(.text), (0 bytes).
    Removing clock.o(.ARM.exidx.text.initClock), (8 bytes).
    Removing gpio.o(.text), (0 bytes).
    Removing gpio.o(.ARM.exidx.text.GPIO_WritePin), (8 bytes).
    Removing gpio.o(.ARM.exidx.text.GPIO_Init), (8 bytes).
    Removing sys_init.o(.text), (0 bytes).
    Removing sys_init.o(.ARM.exidx.text.SysTick_Handler), (8 bytes).
    Removing sys_init.o(.ARM.exidx.text.sysInit), (8 bytes).
    Removing sys_init.o(.ARM.exidx.text.SysTick_Config), (8 bytes).
    Removing sys_init.o(.text.getmsTick), (12 bytes).
    Removing sys_init.o(.ARM.exidx.text.getmsTick), (8 bytes).
    Removing sys_init.o(.ARM.exidx.text.ms_delay), (8 bytes).
    Removing sys_init.o(.ARM.exidx.text.__NVIC_SetPriority), (8 bytes).
    Removing usart.o(.text), (0 bytes).
    Removing usart.o(.text._USART_WRITE), (38 bytes).
    Removing usart.o(.ARM.exidx.text._USART_WRITE), (8 bytes).
    Removing usart.o(.text.UART_SendChar), (36 bytes).
    Removing usart.o(.ARM.exidx.text.UART_SendChar), (8 bytes).
    Removing usart.o(.text._USART_READ), (106 bytes).
    Removing usart.o(.ARM.exidx.text._USART_READ), (8 bytes).
    Removing usart.o(.text.UART_GetChar), (36 bytes).
    Removing usart.o(.ARM.exidx.text.UART_GetChar), (8 bytes).
    Removing usart.o(.text._USART_READ_STR), (134 bytes).
    Removing usart.o(.ARM.exidx.text._USART_READ_STR), (8 bytes).
    Removing usart.o(.text.UART_SendString), (40 bytes).
    Removing usart.o(.ARM.exidx.text.UART_SendString), (8 bytes).
    Removing usart.o(.text.UART_GetString), (82 bytes).
    Removing usart.o(.ARM.exidx.text.UART_GetString), (8 bytes).
    Removing usart.o(.ARM.exidx.text.UART2_Config), (8 bytes).
    Removing test.o(.text), (0 bytes).
    Removing test.o(.text.check_Light), (396 bytes).
    Removing test.o(.ARM.exidx.text.check_Light), (8 bytes).
    Removing main.o(.text), (0 bytes).
    Removing main.o(.ARM.exidx.text.get_random), (8 bytes).
    Removing main.o(.ARM.exidx.text.up_down_traffic_load), (8 bytes).
    Removing main.o(.ARM.exidx.text.left_right_traffic_load), (8 bytes).
    Removing main.o(.ARM.exidx.text.update_cars), (8 bytes).
    Removing main.o(.ARM.exidx.text.update_left_cars), (8 bytes).
    Removing main.o(.ARM.exidx.text.update_right_cars), (8 bytes).
    Removing main.o(.ARM.exidx.text.update_upper_cars), (8 bytes).
    Removing main.o(.ARM.exidx.text.update_lower_cars), (8 bytes).
    Removing main.o(.ARM.exidx.text.init_lights), (8 bytes).
    Removing main.o(.ARM.exidx.text.init_cars), (8 bytes).
    Removing main.o(.ARM.exidx.text.init_pins), (8 bytes).
    Removing main.o(.ARM.exidx.text.turn_on_the_lights), (8 bytes).
    Removing main.o(.ARM.exidx.text.main), (8 bytes).
    Removing main.o(.bss.UPPER_CAR_FROM_PIN), (16 bytes).
    Removing main.o(.bss.LOWER_CAR_FROM_PIN), (16 bytes).
    Removing main.o(.bss.RIGHT_CAR_FROM_PIN), (16 bytes).
    Removing main.o(.bss.LEFT_CAR_FROM_PIN), (16 bytes).
    Removing main.o(.ARM.use_no_argv), (4 bytes).
    Removing system_stm32f4xx.o(.text), (0 bytes).
    Removing system_stm32f4xx.o(.ARM.exidx.text.SystemInit), (8 bytes).
    Removing system_stm32f4xx.o(.text.SystemCoreClockUpdate), (302 bytes).
    Removing system_stm32f4xx.o(.ARM.exidx.text.SystemCoreClockUpdate), (8 bytes).
    Removing system_stm32f4xx.o(.data.SystemCoreClock), (4 bytes).
    Removing system_stm32f4xx.o(.rodata.AHBPrescTable), (16 bytes).
    Removing system_stm32f4xx.o(.rodata.APBPrescTable), (8 bytes).

58 unused section(s) (total 1542 bytes) removed from the image.

==============================================================================

Image Symbol Table

    Local Symbols

    Symbol Name                              Value     Ov Type        Size  Object(Section)

    ../clib/angel/boardlib.s                 0x00000000   Number         0  boardinit1.o ABSOLUTE
    ../clib/angel/boardlib.s                 0x00000000   Number         0  boardinit2.o ABSOLUTE
    ../clib/angel/boardlib.s                 0x00000000   Number         0  boardinit3.o ABSOLUTE
    ../clib/angel/boardlib.s                 0x00000000   Number         0  boardshut.o ABSOLUTE
    ../clib/angel/handlers.s                 0x00000000   Number         0  __scatter_zi.o ABSOLUTE
    ../clib/angel/kernel.s                   0x00000000   Number         0  __rtentry.o ABSOLUTE
    ../clib/angel/kernel.s                   0x00000000   Number         0  __rtentry2.o ABSOLUTE
    ../clib/angel/kernel.s                   0x00000000   Number         0  __rtentry4.o ABSOLUTE
    ../clib/angel/kernel.s                   0x00000000   Number         0  rtexit.o ABSOLUTE
    ../clib/angel/kernel.s                   0x00000000   Number         0  rtexit2.o ABSOLUTE
    ../clib/angel/rt.s                       0x00000000   Number         0  rt_raise.o ABSOLUTE
    ../clib/angel/scatter.s                  0x00000000   Number         0  __scatter.o ABSOLUTE
    ../clib/angel/startup.s                  0x00000000   Number         0  __main.o ABSOLUTE
    ../clib/angel/sys.s                      0x00000000   Number         0  sys_stackheap_outer.o ABSOLUTE
    ../clib/angel/sys.s                      0x00000000   Number         0  libspace.o ABSOLUTE
    ../clib/angel/sys.s                      0x00000000   Number         0  use_no_semi.o ABSOLUTE
    ../clib/angel/sys.s                      0x00000000   Number         0  indicate_semi.o ABSOLUTE
    ../clib/angel/sysapp.c                   0x00000000   Number         0  sys_command.o ABSOLUTE
    ../clib/angel/sysapp.c                   0x00000000   Number         0  sys_command_hlt.o ABSOLUTE
    ../clib/angel/sysapp.c                   0x00000000   Number         0  sys_exit.o ABSOLUTE
    ../clib/angel/sysapp.c                   0x00000000   Number         0  sys_exit_hlt.o ABSOLUTE
    ../clib/angel/sysapp.c                   0x00000000   Number         0  sys_wrch.o ABSOLUTE
    ../clib/angel/sysapp.c                   0x00000000   Number         0  sys_wrch_hlt.o ABSOLUTE
    ../clib/armsys.c                         0x00000000   Number         0  argv_veneer.o ABSOLUTE
    ../clib/armsys.c                         0x00000000   Number         0  argv_veneer.o ABSOLUTE
    ../clib/armsys.c                         0x00000000   Number         0  _get_argv_nomalloc.o ABSOLUTE
    ../clib/armsys.c                         0x00000000   Number         0  no_argv.o ABSOLUTE
    ../clib/heapalloc.c                      0x00000000   Number         0  hrguard.o ABSOLUTE
    ../clib/heapaux.c                        0x00000000   Number         0  heapauxi.o ABSOLUTE
    ../clib/libinit.s                        0x00000000   Number         0  libinit2.o ABSOLUTE
    ../clib/libinit.s                        0x00000000   Number         0  libinit.o ABSOLUTE
    ../clib/libinit.s                        0x00000000   Number         0  libshutdown.o ABSOLUTE
    ../clib/libinit.s                        0x00000000   Number         0  libshutdown2.o ABSOLUTE
    ../clib/signal.c                         0x00000000   Number         0  defsig_rtmem_outer.o ABSOLUTE
    ../clib/signal.c                         0x00000000   Number         0  defsig_rtmem_formal.o ABSOLUTE
    ../clib/signal.c                         0x00000000   Number         0  defsig_exit.o ABSOLUTE
    ../clib/signal.c                         0x00000000   Number         0  defsig_rtmem_inner.o ABSOLUTE
    ../clib/signal.c                         0x00000000   Number         0  __raise.o ABSOLUTE
    ../clib/signal.c                         0x00000000   Number         0  defsig_general.o ABSOLUTE
    ../clib/signal.c                         0x00000000   Number         0  defsig_abrt_inner.o ABSOLUTE
    ../clib/signal.c                         0x00000000   Number         0  defsig_fpe_inner.o ABSOLUTE
    ../clib/signal.c                         0x00000000   Number         0  defsig_rtred_inner.o ABSOLUTE
    ../clib/signal.c                         0x00000000   Number         0  defsig_stak_inner.o ABSOLUTE
    ../clib/signal.c                         0x00000000   Number         0  defsig_pvfn_inner.o ABSOLUTE
    ../clib/signal.c                         0x00000000   Number         0  defsig_cppl_inner.o ABSOLUTE
    ../clib/signal.c                         0x00000000   Number         0  defsig_segv_inner.o ABSOLUTE
    ../clib/signal.c                         0x00000000   Number         0  defsig_other.o ABSOLUTE
    ../clib/signal.s                         0x00000000   Number         0  defsig.o ABSOLUTE
    ../clib/stdlib.c                         0x00000000   Number         0  abs.o ABSOLUTE
    ../clib/stdlib.c                         0x00000000   Number         0  rand.o ABSOLUTE
    ../clib/stdlib.c                         0x00000000   Number         0  rand.o ABSOLUTE
    ../clib/stdlib.c                         0x00000000   Number         0  exit.o ABSOLUTE
    ../fplib/fpinit.s                        0x00000000   Number         0  fpinit.o ABSOLUTE
    CLOCK.c                                  0x00000000   Number         0  clock.o ABSOLUTE
    GPIO.c                                   0x00000000   Number         0  gpio.o ABSOLUTE
    RTE/Device/STM32F446RETx/startup_stm32f446xx.s 0x00000000   Number         0  startup_stm32f446xx.o ABSOLUTE
    SYS_INIT.c                               0x00000000   Number         0  sys_init.o ABSOLUTE
    TEST.c                                   0x00000000   Number         0  test.o ABSOLUTE
    USART.c                                  0x00000000   Number         0  usart.o ABSOLUTE
    dc.s                                     0x00000000   Number         0  dc.o ABSOLUTE
    main.c                                   0x00000000   Number         0  main.o ABSOLUTE
    system_stm32f4xx.c                       0x00000000   Number         0  system_stm32f4xx.o ABSOLUTE
    RESET                                    0x08000000   Section      452  startup_stm32f446xx.o(RESET)
    !!!main                                  0x080001c4   Section        8  __main.o(!!!main)
    !!!scatter                               0x080001cc   Section       52  __scatter.o(!!!scatter)
    !!handler_zi                             0x08000200   Section       28  __scatter_zi.o(!!handler_zi)
    .ARM.Collect$$libinit$$00000000          0x0800021c   Section        2  libinit.o(.ARM.Collect$$libinit$$00000000)
    .ARM.Collect$$libinit$$00000001          0x0800021e   Section        4  libinit2.o(.ARM.Collect$$libinit$$00000001)
    .ARM.Collect$$libinit$$00000004          0x08000222   Section        0  libinit2.o(.ARM.Collect$$libinit$$00000004)
    .ARM.Collect$$libinit$$00000006          0x08000222   Section        0  libinit2.o(.ARM.Collect$$libinit$$00000006)
    .ARM.Collect$$libinit$$0000000C          0x08000222   Section        0  libinit2.o(.ARM.Collect$$libinit$$0000000C)
    .ARM.Collect$$libinit$$0000000E          0x08000222   Section        0  libinit2.o(.ARM.Collect$$libinit$$0000000E)
    .ARM.Collect$$libinit$$0000000F          0x08000222   Section        4  libinit2.o(.ARM.Collect$$libinit$$0000000F)
    .ARM.Collect$$libinit$$00000010          0x08000226   Section        0  libinit2.o(.ARM.Collect$$libinit$$00000010)
    .ARM.Collect$$libinit$$00000013          0x08000226   Section        0  libinit2.o(.ARM.Collect$$libinit$$00000013)
    .ARM.Collect$$libinit$$00000015          0x08000226   Section        0  libinit2.o(.ARM.Collect$$libinit$$00000015)
    .ARM.Collect$$libinit$$00000017          0x08000226   Section        0  libinit2.o(.ARM.Collect$$libinit$$00000017)
    .ARM.Collect$$libinit$$00000019          0x08000226   Section        0  libinit2.o(.ARM.Collect$$libinit$$00000019)
    .ARM.Collect$$libinit$$0000001B          0x08000226   Section        0  libinit2.o(.ARM.Collect$$libinit$$0000001B)
    .ARM.Collect$$libinit$$0000001D          0x08000226   Section        0  libinit2.o(.ARM.Collect$$libinit$$0000001D)
    .ARM.Collect$$libinit$$0000001F          0x08000226   Section        0  libinit2.o(.ARM.Collect$$libinit$$0000001F)
    .ARM.Collect$$libinit$$00000021          0x08000226   Section        0  libinit2.o(.ARM.Collect$$libinit$$00000021)
    .ARM.Collect$$libinit$$00000023          0x08000226   Section        0  libinit2.o(.ARM.Collect$$libinit$$00000023)
    .ARM.Collect$$libinit$$00000025          0x08000226   Section        0  libinit2.o(.ARM.Collect$$libinit$$00000025)
    .ARM.Collect$$libinit$$00000027          0x08000226   Section        0  libinit2.o(.ARM.Collect$$libinit$$00000027)
    .ARM.Collect$$libinit$$0000002E          0x08000226   Section        0  libinit2.o(.ARM.Collect$$libinit$$0000002E)
    .ARM.Collect$$libinit$$00000030          0x08000226   Section        0  libinit2.o(.ARM.Collect$$libinit$$00000030)
    .ARM.Collect$$libinit$$00000032          0x08000226   Section        0  libinit2.o(.ARM.Collect$$libinit$$00000032)
    .ARM.Collect$$libinit$$00000034          0x08000226   Section        0  libinit2.o(.ARM.Collect$$libinit$$00000034)
    .ARM.Collect$$libinit$$00000035          0x08000226   Section        2  libinit2.o(.ARM.Collect$$libinit$$00000035)
    .ARM.Collect$$libshutdown$$00000000      0x08000228   Section        2  libshutdown.o(.ARM.Collect$$libshutdown$$00000000)
    .ARM.Collect$$libshutdown$$00000002      0x0800022a   Section        0  libshutdown2.o(.ARM.Collect$$libshutdown$$00000002)
    .ARM.Collect$$libshutdown$$00000004      0x0800022a   Section        0  libshutdown2.o(.ARM.Collect$$libshutdown$$00000004)
    .ARM.Collect$$libshutdown$$00000007      0x0800022a   Section        0  libshutdown2.o(.ARM.Collect$$libshutdown$$00000007)
    .ARM.Collect$$libshutdown$$0000000A      0x0800022a   Section        0  libshutdown2.o(.ARM.Collect$$libshutdown$$0000000A)
    .ARM.Collect$$libshutdown$$0000000C      0x0800022a   Section        0  libshutdown2.o(.ARM.Collect$$libshutdown$$0000000C)
    .ARM.Collect$$libshutdown$$0000000F      0x0800022a   Section        0  libshutdown2.o(.ARM.Collect$$libshutdown$$0000000F)
    .ARM.Collect$$libshutdown$$00000010      0x0800022a   Section        2  libshutdown2.o(.ARM.Collect$$libshutdown$$00000010)
    .ARM.Collect$$rtentry$$00000000          0x0800022c   Section        0  __rtentry.o(.ARM.Collect$$rtentry$$00000000)
    .ARM.Collect$$rtentry$$00000002          0x0800022c   Section        0  __rtentry2.o(.ARM.Collect$$rtentry$$00000002)
    .ARM.Collect$$rtentry$$00000004          0x0800022c   Section        6  __rtentry4.o(.ARM.Collect$$rtentry$$00000004)
    .ARM.Collect$$rtentry$$00000009          0x08000232   Section        0  __rtentry2.o(.ARM.Collect$$rtentry$$00000009)
    .ARM.Collect$$rtentry$$0000000A          0x08000232   Section        4  __rtentry2.o(.ARM.Collect$$rtentry$$0000000A)
    .ARM.Collect$$rtentry$$0000000C          0x08000236   Section        0  __rtentry2.o(.ARM.Collect$$rtentry$$0000000C)
    .ARM.Collect$$rtentry$$0000000D          0x08000236   Section        8  __rtentry2.o(.ARM.Collect$$rtentry$$0000000D)
    .ARM.Collect$$rtexit$$00000000           0x0800023e   Section        2  rtexit.o(.ARM.Collect$$rtexit$$00000000)
    .ARM.Collect$$rtexit$$00000002           0x08000240   Section        0  rtexit2.o(.ARM.Collect$$rtexit$$00000002)
    .ARM.Collect$$rtexit$$00000003           0x08000240   Section        4  rtexit2.o(.ARM.Collect$$rtexit$$00000003)
    .ARM.Collect$$rtexit$$00000004           0x08000244   Section        6  rtexit2.o(.ARM.Collect$$rtexit$$00000004)
    .emb_text                                0x0800024c   Section       52  rand.o(.emb_text)
    $v0                                      0x08000280   Number         0  startup_stm32f446xx.o(.text)
    .text                                    0x08000280   Section       64  startup_stm32f446xx.o(.text)
    .text                                    0x080002c0   Section        0  abs.o(.text)
    .text                                    0x080002c8   Section        0  rand.o(.text)
    .text                                    0x08000304   Section        0  heapauxi.o(.text)
    .text                                    0x0800030a   Section       74  sys_stackheap_outer.o(.text)
    .text                                    0x08000354   Section        0  exit.o(.text)
    .text                                    0x08000368   Section        8  libspace.o(.text)
    .text                                    0x08000370   Section        2  use_no_semi.o(.text)
    .text                                    0x08000372   Section        0  indicate_semi.o(.text)
    .text                                    0x08000374   Section        0  sys_exit.o(.text)
    [Anonymous Symbol]                       0x08000380   Section        0  gpio.o(.text.GPIO_Init)
    [Anonymous Symbol]                       0x0800053c   Section        0  gpio.o(.text.GPIO_WritePin)
    SysTick_Config                           0x08000581   Thumb Code    82  sys_init.o(.text.SysTick_Config)
    [Anonymous Symbol]                       0x08000580   Section        0  sys_init.o(.text.SysTick_Config)
    [Anonymous Symbol]                       0x080005d4   Section        0  sys_init.o(.text.SysTick_Handler)
    [Anonymous Symbol]                       0x080005e4   Section        0  system_stm32f4xx.o(.text.SystemInit)
    [Anonymous Symbol]                       0x080005f8   Section        0  usart.o(.text.UART2_Config)
    __NVIC_SetPriority                       0x08000695   Thumb Code    66  sys_init.o(.text.__NVIC_SetPriority)
    [Anonymous Symbol]                       0x08000694   Section        0  sys_init.o(.text.__NVIC_SetPriority)
    [Anonymous Symbol]                       0x080006d8   Section        0  main.o(.text.get_random)
    [Anonymous Symbol]                       0x080006f0   Section        0  clock.o(.text.initClock)
    [Anonymous Symbol]                       0x080007c8   Section        0  main.o(.text.init_cars)
    [Anonymous Symbol]                       0x08000830   Section        0  main.o(.text.init_lights)
    [Anonymous Symbol]                       0x08000848   Section        0  main.o(.text.init_pins)
    [Anonymous Symbol]                       0x08000938   Section        0  main.o(.text.left_right_traffic_load)
    [Anonymous Symbol]                       0x080009b0   Section        0  main.o(.text.main)
    [Anonymous Symbol]                       0x08000b84   Section        0  sys_init.o(.text.ms_delay)
    [Anonymous Symbol]                       0x08000bb4   Section        0  sys_init.o(.text.sysInit)
    [Anonymous Symbol]                       0x08000bc4   Section        0  main.o(.text.turn_on_the_lights)
    [Anonymous Symbol]                       0x08000cbc   Section        0  main.o(.text.up_down_traffic_load)
    [Anonymous Symbol]                       0x08000d30   Section        0  main.o(.text.update_cars)
    update_left_cars                         0x08000ed1   Thumb Code    88  main.o(.text.update_left_cars)
    [Anonymous Symbol]                       0x08000ed0   Section        0  main.o(.text.update_left_cars)
    update_lower_cars                        0x08000f29   Thumb Code    88  main.o(.text.update_lower_cars)
    [Anonymous Symbol]                       0x08000f28   Section        0  main.o(.text.update_lower_cars)
    update_right_cars                        0x08000f81   Thumb Code    88  main.o(.text.update_right_cars)
    [Anonymous Symbol]                       0x08000f80   Section        0  main.o(.text.update_right_cars)
    update_upper_cars                        0x08000fd9   Thumb Code    88  main.o(.text.update_upper_cars)
    [Anonymous Symbol]                       0x08000fd8   Section        0  main.o(.text.update_upper_cars)
    $v0                                      0x08001030   Number         0  fpinit.o(x$fpl$fpinit)
    x$fpl$fpinit                             0x08001030   Section       26  fpinit.o(x$fpl$fpinit)
    .bss                                     0x20000000   Section      228  rand.o(.bss)
    .bss                                     0x200000e4   Section       96  libspace.o(.bss)
    msTicks                                  0x200001d4   Data           4  sys_init.o(.bss.msTicks)
    [Anonymous Symbol]                       0x200001d4   Section        0  sys_init.o(.bss.msTicks)
    Heap_Mem                                 0x20000208   Data         512  startup_stm32f446xx.o(HEAP)
    HEAP                                     0x20000208   Section      512  startup_stm32f446xx.o(HEAP)
    Stack_Mem                                0x20000408   Data        1024  startup_stm32f446xx.o(STACK)
    STACK                                    0x20000408   Section     1024  startup_stm32f446xx.o(STACK)
    __initial_sp                             0x20000808   Data           0  startup_stm32f446xx.o(STACK)

    Global Symbols

    Symbol Name                              Value     Ov Type        Size  Object(Section)

    BuildAttributes$$THM_ISAv4$E$P$D$K$B$S$7EM$VFPi3$EXTD16$VFPS$VFMA$PE$A:L22UL41UL21$X:L11$S22US41US21$IEEE1$IW$~IW$USESV6$~STKCKD$USESV7$~SHL$OSPACE$ROPI$EBA8$UX$STANDARDLIB$REQ8$PRES8$EABIv2 0x00000000   Number         0  anon$$obj.o ABSOLUTE
    __ARM_exceptions_init                     - Undefined Weak Reference
    __alloca_initialize                       - Undefined Weak Reference
    __arm_preinit_                            - Undefined Weak Reference
    __arm_relocate_pie_                       - Undefined Weak Reference
    __cpp_initialize__aeabi_                  - Undefined Weak Reference
    __cxa_finalize                            - Undefined Weak Reference
    __rt_locale                               - Undefined Weak Reference
    __sigvec_lookup                           - Undefined Weak Reference
    _atexit_init                              - Undefined Weak Reference
    _call_atexit_fns                          - Undefined Weak Reference
    _clock_init                               - Undefined Weak Reference
    _fp_trap_init                             - Undefined Weak Reference
    _fp_trap_shutdown                         - Undefined Weak Reference
    _get_lc_collate                           - Undefined Weak Reference
    _get_lc_ctype                             - Undefined Weak Reference
    _get_lc_monetary                          - Undefined Weak Reference
    _get_lc_numeric                           - Undefined Weak Reference
    _get_lc_time                              - Undefined Weak Reference
    _getenv_init                              - Undefined Weak Reference
    _handle_redirection                       - Undefined Weak Reference
    _init_alloc                               - Undefined Weak Reference
    _init_user_alloc                          - Undefined Weak Reference
    _initio                                   - Undefined Weak Reference
    _signal_finish                            - Undefined Weak Reference
    _signal_init                              - Undefined Weak Reference
    _terminate_alloc                          - Undefined Weak Reference
    _terminate_user_alloc                     - Undefined Weak Reference
    _terminateio                              - Undefined Weak Reference
    __Vectors_Size                           0x000001c4   Number         0  startup_stm32f446xx.o ABSOLUTE
    __Vectors                                0x08000000   Data           4  startup_stm32f446xx.o(RESET)
    __Vectors_End                            0x080001c4   Data           0  startup_stm32f446xx.o(RESET)
    __main                                   0x080001c5   Thumb Code     8  __main.o(!!!main)
    __scatterload                            0x080001cd   Thumb Code     0  __scatter.o(!!!scatter)
    __scatterload_rt2                        0x080001cd   Thumb Code    44  __scatter.o(!!!scatter)
    __scatterload_rt2_thumb_only             0x080001cd   Thumb Code     0  __scatter.o(!!!scatter)
    __scatterload_null                       0x080001db   Thumb Code     0  __scatter.o(!!!scatter)
    __scatterload_zeroinit                   0x08000201   Thumb Code    28  __scatter_zi.o(!!handler_zi)
    __rt_lib_init                            0x0800021d   Thumb Code     0  libinit.o(.ARM.Collect$$libinit$$00000000)
    __rt_lib_init_fp_1                       0x0800021f   Thumb Code     0  libinit2.o(.ARM.Collect$$libinit$$00000001)
    __rt_lib_init_heap_1                     0x08000223   Thumb Code     0  libinit2.o(.ARM.Collect$$libinit$$0000000C)
    __rt_lib_init_preinit_1                  0x08000223   Thumb Code     0  libinit2.o(.ARM.Collect$$libinit$$00000006)
    __rt_lib_init_rand_2                     0x08000223   Thumb Code     0  libinit2.o(.ARM.Collect$$libinit$$0000000F)
    __rt_lib_init_relocate_pie_1             0x08000223   Thumb Code     0  libinit2.o(.ARM.Collect$$libinit$$00000004)
    __rt_lib_init_user_alloc_1               0x08000223   Thumb Code     0  libinit2.o(.ARM.Collect$$libinit$$0000000E)
    __rt_lib_init_alloca_1                   0x08000227   Thumb Code     0  libinit2.o(.ARM.Collect$$libinit$$00000030)
    __rt_lib_init_argv_1                     0x08000227   Thumb Code     0  libinit2.o(.ARM.Collect$$libinit$$0000002E)
    __rt_lib_init_atexit_1                   0x08000227   Thumb Code     0  libinit2.o(.ARM.Collect$$libinit$$0000001D)
    __rt_lib_init_clock_1                    0x08000227   Thumb Code     0  libinit2.o(.ARM.Collect$$libinit$$00000023)
    __rt_lib_init_cpp_1                      0x08000227   Thumb Code     0  libinit2.o(.ARM.Collect$$libinit$$00000034)
    __rt_lib_init_exceptions_1               0x08000227   Thumb Code     0  libinit2.o(.ARM.Collect$$libinit$$00000032)
    __rt_lib_init_fp_trap_1                  0x08000227   Thumb Code     0  libinit2.o(.ARM.Collect$$libinit$$00000021)
    __rt_lib_init_getenv_1                   0x08000227   Thumb Code     0  libinit2.o(.ARM.Collect$$libinit$$00000025)
    __rt_lib_init_lc_collate_1               0x08000227   Thumb Code     0  libinit2.o(.ARM.Collect$$libinit$$00000013)
    __rt_lib_init_lc_ctype_1                 0x08000227   Thumb Code     0  libinit2.o(.ARM.Collect$$libinit$$00000015)
    __rt_lib_init_lc_monetary_1              0x08000227   Thumb Code     0  libinit2.o(.ARM.Collect$$libinit$$00000017)
    __rt_lib_init_lc_numeric_1               0x08000227   Thumb Code     0  libinit2.o(.ARM.Collect$$libinit$$00000019)
    __rt_lib_init_lc_time_1                  0x08000227   Thumb Code     0  libinit2.o(.ARM.Collect$$libinit$$0000001B)
    __rt_lib_init_rand_1                     0x08000227   Thumb Code     0  libinit2.o(.ARM.Collect$$libinit$$00000010)
    __rt_lib_init_return                     0x08000227   Thumb Code     0  libinit2.o(.ARM.Collect$$libinit$$00000035)
    __rt_lib_init_signal_1                   0x08000227   Thumb Code     0  libinit2.o(.ARM.Collect$$libinit$$0000001F)
    __rt_lib_init_stdio_1                    0x08000227   Thumb Code     0  libinit2.o(.ARM.Collect$$libinit$$00000027)
    __rt_lib_shutdown                        0x08000229   Thumb Code     0  libshutdown.o(.ARM.Collect$$libshutdown$$00000000)
    __rt_lib_shutdown_cpp_1                  0x0800022b   Thumb Code     0  libshutdown2.o(.ARM.Collect$$libshutdown$$00000002)
    __rt_lib_shutdown_fp_trap_1              0x0800022b   Thumb Code     0  libshutdown2.o(.ARM.Collect$$libshutdown$$00000007)
    __rt_lib_shutdown_heap_1                 0x0800022b   Thumb Code     0  libshutdown2.o(.ARM.Collect$$libshutdown$$0000000F)
    __rt_lib_shutdown_return                 0x0800022b   Thumb Code     0  libshutdown2.o(.ARM.Collect$$libshutdown$$00000010)
    __rt_lib_shutdown_signal_1               0x0800022b   Thumb Code     0  libshutdown2.o(.ARM.Collect$$libshutdown$$0000000A)
    __rt_lib_shutdown_stdio_1                0x0800022b   Thumb Code     0  libshutdown2.o(.ARM.Collect$$libshutdown$$00000004)
    __rt_lib_shutdown_user_alloc_1           0x0800022b   Thumb Code     0  libshutdown2.o(.ARM.Collect$$libshutdown$$0000000C)
    __rt_entry                               0x0800022d   Thumb Code     0  __rtentry.o(.ARM.Collect$$rtentry$$00000000)
    __rt_entry_presh_1                       0x0800022d   Thumb Code     0  __rtentry2.o(.ARM.Collect$$rtentry$$00000002)
    __rt_entry_sh                            0x0800022d   Thumb Code     0  __rtentry4.o(.ARM.Collect$$rtentry$$00000004)
    __rt_entry_li                            0x08000233   Thumb Code     0  __rtentry2.o(.ARM.Collect$$rtentry$$0000000A)
    __rt_entry_postsh_1                      0x08000233   Thumb Code     0  __rtentry2.o(.ARM.Collect$$rtentry$$00000009)
    __rt_entry_main                          0x08000237   Thumb Code     0  __rtentry2.o(.ARM.Collect$$rtentry$$0000000D)
    __rt_entry_postli_1                      0x08000237   Thumb Code     0  __rtentry2.o(.ARM.Collect$$rtentry$$0000000C)
    __rt_exit                                0x0800023f   Thumb Code     0  rtexit.o(.ARM.Collect$$rtexit$$00000000)
    __rt_exit_ls                             0x08000241   Thumb Code     0  rtexit2.o(.ARM.Collect$$rtexit$$00000003)
    __rt_exit_prels_1                        0x08000241   Thumb Code     0  rtexit2.o(.ARM.Collect$$rtexit$$00000002)
    __rt_exit_exit                           0x08000245   Thumb Code     0  rtexit2.o(.ARM.Collect$$rtexit$$00000004)
    rand                                     0x0800024d   Thumb Code    48  rand.o(.emb_text)
    Reset_Handler                            0x08000281   Thumb Code     8  startup_stm32f446xx.o(.text)
    NMI_Handler                              0x08000289   Thumb Code     2  startup_stm32f446xx.o(.text)
    HardFault_Handler                        0x0800028b   Thumb Code     2  startup_stm32f446xx.o(.text)
    MemManage_Handler                        0x0800028d   Thumb Code     2  startup_stm32f446xx.o(.text)
    BusFault_Handler                         0x0800028f   Thumb Code     2  startup_stm32f446xx.o(.text)
    UsageFault_Handler                       0x08000291   Thumb Code     2  startup_stm32f446xx.o(.text)
    SVC_Handler                              0x08000293   Thumb Code     2  startup_stm32f446xx.o(.text)
    DebugMon_Handler                         0x08000295   Thumb Code     2  startup_stm32f446xx.o(.text)
    PendSV_Handler                           0x08000297   Thumb Code     2  startup_stm32f446xx.o(.text)
    ADC_IRQHandler                           0x0800029b   Thumb Code     0  startup_stm32f446xx.o(.text)
    CAN1_RX0_IRQHandler                      0x0800029b   Thumb Code     0  startup_stm32f446xx.o(.text)
    CAN1_RX1_IRQHandler                      0x0800029b   Thumb Code     0  startup_stm32f446xx.o(.text)
    CAN1_SCE_IRQHandler                      0x0800029b   Thumb Code     0  startup_stm32f446xx.o(.text)
    CAN1_TX_IRQHandler                       0x0800029b   Thumb Code     0  startup_stm32f446xx.o(.text)
    CAN2_RX0_IRQHandler                      0x0800029b   Thumb Code     0  startup_stm32f446xx.o(.text)
    CAN2_RX1_IRQHandler                      0x0800029b   Thumb Code     0  startup_stm32f446xx.o(.text)
    CAN2_SCE_IRQHandler                      0x0800029b   Thumb Code     0  startup_stm32f446xx.o(.text)
    CAN2_TX_IRQHandler                       0x0800029b   Thumb Code     0  startup_stm32f446xx.o(.text)
    CEC_IRQHandler                           0x0800029b   Thumb Code     0  startup_stm32f446xx.o(.text)
    DCMI_IRQHandler                          0x0800029b   Thumb Code     0  startup_stm32f446xx.o(.text)
    DMA1_Stream0_IRQHandler                  0x0800029b   Thumb Code     0  startup_stm32f446xx.o(.text)
    DMA1_Stream1_IRQHandler                  0x0800029b   Thumb Code     0  startup_stm32f446xx.o(.text)
    DMA1_Stream2_IRQHandler                  0x0800029b   Thumb Code     0  startup_stm32f446xx.o(.text)
    DMA1_Stream3_IRQHandler                  0x0800029b   Thumb Code     0  startup_stm32f446xx.o(.text)
    DMA1_Stream4_IRQHandler                  0x0800029b   Thumb Code     0  startup_stm32f446xx.o(.text)
    DMA1_Stream5_IRQHandler                  0x0800029b   Thumb Code     0  startup_stm32f446xx.o(.text)
    DMA1_Stream6_IRQHandler                  0x0800029b   Thumb Code     0  startup_stm32f446xx.o(.text)
    DMA1_Stream7_IRQHandler                  0x0800029b   Thumb Code     0  startup_stm32f446xx.o(.text)
    DMA2_Stream0_IRQHandler                  0x0800029b   Thumb Code     0  startup_stm32f446xx.o(.text)
    DMA2_Stream1_IRQHandler                  0x0800029b   Thumb Code     0  startup_stm32f446xx.o(.text)
    DMA2_Stream2_IRQHandler                  0x0800029b   Thumb Code     0  startup_stm32f446xx.o(.text)
    DMA2_Stream3_IRQHandler                  0x0800029b   Thumb Code     0  startup_stm32f446xx.o(.text)
    DMA2_Stream4_IRQHandler                  0x0800029b   Thumb Code     0  startup_stm32f446xx.o(.text)
    DMA2_Stream5_IRQHandler                  0x0800029b   Thumb Code     0  startup_stm32f446xx.o(.text)
    DMA2_Stream6_IRQHandler                  0x0800029b   Thumb Code     0  startup_stm32f446xx.o(.text)
    DMA2_Stream7_IRQHandler                  0x0800029b   Thumb Code     0  startup_stm32f446xx.o(.text)
    EXTI0_IRQHandler                         0x0800029b   Thumb Code     0  startup_stm32f446xx.o(.text)
    EXTI15_10_IRQHandler                     0x0800029b   Thumb Code     0  startup_stm32f446xx.o(.text)
    EXTI1_IRQHandler                         0x0800029b   Thumb Code     0  startup_stm32f446xx.o(.text)
    EXTI2_IRQHandler                         0x0800029b   Thumb Code     0  startup_stm32f446xx.o(.text)
    EXTI3_IRQHandler                         0x0800029b   Thumb Code     0  startup_stm32f446xx.o(.text)
    EXTI4_IRQHandler                         0x0800029b   Thumb Code     0  startup_stm32f446xx.o(.text)
    EXTI9_5_IRQHandler                       0x0800029b   Thumb Code     0  startup_stm32f446xx.o(.text)
    FLASH_IRQHandler                         0x0800029b   Thumb Code     0  startup_stm32f446xx.o(.text)
    FMC_IRQHandler                           0x0800029b   Thumb Code     0  startup_stm32f446xx.o(.text)
    FMPI2C1_ER_IRQHandler                    0x0800029b   Thumb Code     0  startup_stm32f446xx.o(.text)
    FMPI2C1_EV_IRQHandler                    0x0800029b   Thumb Code     0  startup_stm32f446xx.o(.text)
    FPU_IRQHandler                           0x0800029b   Thumb Code     0  startup_stm32f446xx.o(.text)
    I2C1_ER_IRQHandler                       0x0800029b   Thumb Code     0  startup_stm32f446xx.o(.text)
    I2C1_EV_IRQHandler                       0x0800029b   Thumb Code     0  startup_stm32f446xx.o(.text)
    I2C2_ER_IRQHandler                       0x0800029b   Thumb Code     0  startup_stm32f446xx.o(.text)
    I2C2_EV_IRQHandler                       0x0800029b   Thumb Code     0  startup_stm32f446xx.o(.text)
    I2C3_ER_IRQHandler                       0x0800029b   Thumb Code     0  startup_stm32f446xx.o(.text)
    I2C3_EV_IRQHandler                       0x0800029b   Thumb Code     0  startup_stm32f446xx.o(.text)
    OTG_FS_IRQHandler                        0x0800029b   Thumb Code     0  startup_stm32f446xx.o(.text)
    OTG_FS_WKUP_IRQHandler                   0x0800029b   Thumb Code     0  startup_stm32f446xx.o(.text)
    OTG_HS_EP1_IN_IRQHandler                 0x0800029b   Thumb Code     0  startup_stm32f446xx.o(.text)
    OTG_HS_EP1_OUT_IRQHandler                0x0800029b   Thumb Code     0  startup_stm32f446xx.o(.text)
    OTG_HS_IRQHandler                        0x0800029b   Thumb Code     0  startup_stm32f446xx.o(.text)
    OTG_HS_WKUP_IRQHandler                   0x0800029b   Thumb Code     0  startup_stm32f446xx.o(.text)
    PVD_IRQHandler                           0x0800029b   Thumb Code     0  startup_stm32f446xx.o(.text)
    QUADSPI_IRQHandler                       0x0800029b   Thumb Code     0  startup_stm32f446xx.o(.text)
    RCC_IRQHandler                           0x0800029b   Thumb Code     0  startup_stm32f446xx.o(.text)
    RTC_Alarm_IRQHandler                     0x0800029b   Thumb Code     0  startup_stm32f446xx.o(.text)
    RTC_WKUP_IRQHandler                      0x0800029b   Thumb Code     0  startup_stm32f446xx.o(.text)
    SAI1_IRQHandler                          0x0800029b   Thumb Code     0  startup_stm32f446xx.o(.text)
    SAI2_IRQHandler                          0x0800029b   Thumb Code     0  startup_stm32f446xx.o(.text)
    SDIO_IRQHandler                          0x0800029b   Thumb Code     0  startup_stm32f446xx.o(.text)
    SPDIF_RX_IRQHandler                      0x0800029b   Thumb Code     0  startup_stm32f446xx.o(.text)
    SPI1_IRQHandler                          0x0800029b   Thumb Code     0  startup_stm32f446xx.o(.text)
    SPI2_IRQHandler                          0x0800029b   Thumb Code     0  startup_stm32f446xx.o(.text)
    SPI3_IRQHandler                          0x0800029b   Thumb Code     0  startup_stm32f446xx.o(.text)
    SPI4_IRQHandler                          0x0800029b   Thumb Code     0  startup_stm32f446xx.o(.text)
    TAMP_STAMP_IRQHandler                    0x0800029b   Thumb Code     0  startup_stm32f446xx.o(.text)
    TIM1_BRK_TIM9_IRQHandler                 0x0800029b   Thumb Code     0  startup_stm32f446xx.o(.text)
    TIM1_CC_IRQHandler                       0x0800029b   Thumb Code     0  startup_stm32f446xx.o(.text)
    TIM1_TRG_COM_TIM11_IRQHandler            0x0800029b   Thumb Code     0  startup_stm32f446xx.o(.text)
    TIM1_UP_TIM10_IRQHandler                 0x0800029b   Thumb Code     0  startup_stm32f446xx.o(.text)
    TIM2_IRQHandler                          0x0800029b   Thumb Code     0  startup_stm32f446xx.o(.text)
    TIM3_IRQHandler                          0x0800029b   Thumb Code     0  startup_stm32f446xx.o(.text)
    TIM4_IRQHandler                          0x0800029b   Thumb Code     0  startup_stm32f446xx.o(.text)
    TIM5_IRQHandler                          0x0800029b   Thumb Code     0  startup_stm32f446xx.o(.text)
    TIM6_DAC_IRQHandler                      0x0800029b   Thumb Code     0  startup_stm32f446xx.o(.text)
    TIM7_IRQHandler                          0x0800029b   Thumb Code     0  startup_stm32f446xx.o(.text)
    TIM8_BRK_TIM12_IRQHandler                0x0800029b   Thumb Code     0  startup_stm32f446xx.o(.text)
    TIM8_CC_IRQHandler                       0x0800029b   Thumb Code     0  startup_stm32f446xx.o(.text)
    TIM8_TRG_COM_TIM14_IRQHandler            0x0800029b   Thumb Code     0  startup_stm32f446xx.o(.text)
    TIM8_UP_TIM13_IRQHandler                 0x0800029b   Thumb Code     0  startup_stm32f446xx.o(.text)
    UART4_IRQHandler                         0x0800029b   Thumb Code     0  startup_stm32f446xx.o(.text)
    UART5_IRQHandler                         0x0800029b   Thumb Code     0  startup_stm32f446xx.o(.text)
    USART1_IRQHandler                        0x0800029b   Thumb Code     0  startup_stm32f446xx.o(.text)
    USART2_IRQHandler                        0x0800029b   Thumb Code     0  startup_stm32f446xx.o(.text)
    USART3_IRQHandler                        0x0800029b   Thumb Code     0  startup_stm32f446xx.o(.text)
    USART6_IRQHandler                        0x0800029b   Thumb Code     0  startup_stm32f446xx.o(.text)
    WWDG_IRQHandler                          0x0800029b   Thumb Code     0  startup_stm32f446xx.o(.text)
    __user_initial_stackheap                 0x0800029d   Thumb Code     0  startup_stm32f446xx.o(.text)
    abs                                      0x080002c1   Thumb Code     8  abs.o(.text)
    srand                                    0x080002c9   Thumb Code    42  rand.o(.text)
    _rand_init                               0x080002f3   Thumb Code     4  rand.o(.text)
    __use_two_region_memory                  0x08000305   Thumb Code     2  heapauxi.o(.text)
    __rt_heap_escrow$2region                 0x08000307   Thumb Code     2  heapauxi.o(.text)
    __rt_heap_expand$2region                 0x08000309   Thumb Code     2  heapauxi.o(.text)
    __user_setup_stackheap                   0x0800030b   Thumb Code    74  sys_stackheap_outer.o(.text)
    exit                                     0x08000355   Thumb Code    18  exit.o(.text)
    __user_libspace                          0x08000369   Thumb Code     8  libspace.o(.text)
    __user_perproc_libspace                  0x08000369   Thumb Code     0  libspace.o(.text)
    __user_perthread_libspace                0x08000369   Thumb Code     0  libspace.o(.text)
    __I$use$semihosting                      0x08000371   Thumb Code     0  use_no_semi.o(.text)
    __use_no_semihosting_swi                 0x08000371   Thumb Code     2  use_no_semi.o(.text)
    __semihosting_library_function           0x08000373   Thumb Code     0  indicate_semi.o(.text)
    _sys_exit                                0x08000375   Thumb Code     8  sys_exit.o(.text)
    GPIO_Init                                0x08000381   Thumb Code   444  gpio.o(.text.GPIO_Init)
    GPIO_WritePin                            0x0800053d   Thumb Code    68  gpio.o(.text.GPIO_WritePin)
    SysTick_Handler                          0x080005d5   Thumb Code    16  sys_init.o(.text.SysTick_Handler)
    SystemInit                               0x080005e5   Thumb Code    18  system_stm32f4xx.o(.text.SystemInit)
    UART2_Config                             0x080005f9   Thumb Code   154  usart.o(.text.UART2_Config)
    get_random                               0x080006d9   Thumb Code    22  main.o(.text.get_random)
    initClock                                0x080006f1   Thumb Code   214  clock.o(.text.initClock)
    init_cars                                0x080007c9   Thumb Code   104  main.o(.text.init_cars)
    init_lights                              0x08000831   Thumb Code    24  main.o(.text.init_lights)
    init_pins                                0x08000849   Thumb Code   238  main.o(.text.init_pins)
    left_right_traffic_load                  0x08000939   Thumb Code   118  main.o(.text.left_right_traffic_load)
    main                                     0x080009b1   Thumb Code   468  main.o(.text.main)
    ms_delay                                 0x08000b85   Thumb Code    48  sys_init.o(.text.ms_delay)
    sysInit                                  0x08000bb5   Thumb Code    16  sys_init.o(.text.sysInit)
    turn_on_the_lights                       0x08000bc5   Thumb Code   246  main.o(.text.turn_on_the_lights)
    up_down_traffic_load                     0x08000cbd   Thumb Code   116  main.o(.text.up_down_traffic_load)
    update_cars                              0x08000d31   Thumb Code   414  main.o(.text.update_cars)
    _fp_init                                 0x08001031   Thumb Code    26  fpinit.o(x$fpl$fpinit)
    __fplib_config_fpu_vfp                   0x08001049   Thumb Code     0  fpinit.o(x$fpl$fpinit)
    __fplib_config_pureend_doubles           0x08001049   Thumb Code     0  fpinit.o(x$fpl$fpinit)
    Region$$Table$$Base                      0x0800104c   Number         0  anon$$obj.o(Region$$Table)
    Region$$Table$$Limit                     0x0800105c   Number         0  anon$$obj.o(Region$$Table)
    _random_number_data                      0x20000000   Data         228  rand.o(.bss)
    __libspace_start                         0x200000e4   Data          96  libspace.o(.bss)
    Left_Right_Lights                        0x20000144   Data          16  main.o(.bss.Left_Right_Lights)
    __temporary_stack_top$libspace           0x20000144   Data           0  libspace.o(.bss)
    Left_car                                 0x20000154   Data          16  main.o(.bss.Left_car)
    Lower_car                                0x20000164   Data          16  main.o(.bss.Lower_car)
    Right_car                                0x20000174   Data          16  main.o(.bss.Right_car)
    Up_Down_Lights                           0x20000184   Data          16  main.o(.bss.Up_Down_Lights)
    Upper_car                                0x20000194   Data          16  main.o(.bss.Upper_car)
    left_car                                 0x200001a4   Data          16  main.o(.bss.left_car)
    left_right_lights                        0x200001b4   Data          16  main.o(.bss.left_right_lights)
    lower_car                                0x200001c4   Data          16  main.o(.bss.lower_car)
    right_car                                0x200001d8   Data          16  main.o(.bss.right_car)
    up_down_lights                           0x200001e8   Data          16  main.o(.bss.up_down_lights)
    upper_car                                0x200001f8   Data          16  main.o(.bss.upper_car)



==============================================================================

Memory Map of the image

  Image Entry point : 0x08000281

  Load Region LR_1 (Base: 0x08000000, Size: 0x0000105c, Max: 0xffffffff, ABSOLUTE)

    Execution Region ER_RO (Exec base: 0x08000000, Load base: 0x08000000, Size: 0x0000105c, Max: 0xffffffff, ABSOLUTE)

    Exec Addr    Load Addr    Size         Type   Attr      Idx    E Section Name        Object

    0x08000000   0x08000000   0x000001c4   Data   RO          123    RESET               startup_stm32f446xx.o
    0x080001c4   0x080001c4   0x00000008   Code   RO          155  * !!!main             c_w.l(__main.o)
    0x080001cc   0x080001cc   0x00000034   Code   RO          320    !!!scatter          c_w.l(__scatter.o)
    0x08000200   0x08000200   0x0000001c   Code   RO          322    !!handler_zi        c_w.l(__scatter_zi.o)
    0x0800021c   0x0800021c   0x00000002   Code   RO          237    .ARM.Collect$$libinit$$00000000  c_w.l(libinit.o)
    0x0800021e   0x0800021e   0x00000004   Code   RO          158    .ARM.Collect$$libinit$$00000001  c_w.l(libinit2.o)
    0x08000222   0x08000222   0x00000000   Code   RO          161    .ARM.Collect$$libinit$$00000004  c_w.l(libinit2.o)
    0x08000222   0x08000222   0x00000000   Code   RO          163    .ARM.Collect$$libinit$$00000006  c_w.l(libinit2.o)
    0x08000222   0x08000222   0x00000000   Code   RO          166    .ARM.Collect$$libinit$$0000000C  c_w.l(libinit2.o)
    0x08000222   0x08000222   0x00000000   Code   RO          168    .ARM.Collect$$libinit$$0000000E  c_w.l(libinit2.o)
    0x08000222   0x08000222   0x00000004   Code   RO          169    .ARM.Collect$$libinit$$0000000F  c_w.l(libinit2.o)
    0x08000226   0x08000226   0x00000000   Code   RO          170    .ARM.Collect$$libinit$$00000010  c_w.l(libinit2.o)
    0x08000226   0x08000226   0x00000000   Code   RO          173    .ARM.Collect$$libinit$$00000013  c_w.l(libinit2.o)
    0x08000226   0x08000226   0x00000000   Code   RO          175    .ARM.Collect$$libinit$$00000015  c_w.l(libinit2.o)
    0x08000226   0x08000226   0x00000000   Code   RO          177    .ARM.Collect$$libinit$$00000017  c_w.l(libinit2.o)
    0x08000226   0x08000226   0x00000000   Code   RO          179    .ARM.Collect$$libinit$$00000019  c_w.l(libinit2.o)
    0x08000226   0x08000226   0x00000000   Code   RO          181    .ARM.Collect$$libinit$$0000001B  c_w.l(libinit2.o)
    0x08000226   0x08000226   0x00000000   Code   RO          183    .ARM.Collect$$libinit$$0000001D  c_w.l(libinit2.o)
    0x08000226   0x08000226   0x00000000   Code   RO          185    .ARM.Collect$$libinit$$0000001F  c_w.l(libinit2.o)
    0x08000226   0x08000226   0x00000000   Code   RO          187    .ARM.Collect$$libinit$$00000021  c_w.l(libinit2.o)
    0x08000226   0x08000226   0x00000000   Code   RO          189    .ARM.Collect$$libinit$$00000023  c_w.l(libinit2.o)
    0x08000226   0x08000226   0x00000000   Code   RO          191    .ARM.Collect$$libinit$$00000025  c_w.l(libinit2.o)
    0x08000226   0x08000226   0x00000000   Code   RO          193    .ARM.Collect$$libinit$$00000027  c_w.l(libinit2.o)
    0x08000226   0x08000226   0x00000000   Code   RO          197    .ARM.Collect$$libinit$$0000002E  c_w.l(libinit2.o)
    0x08000226   0x08000226   0x00000000   Code   RO          199    .ARM.Collect$$libinit$$00000030  c_w.l(libinit2.o)
    0x08000226   0x08000226   0x00000000   Code   RO          201    .ARM.Collect$$libinit$$00000032  c_w.l(libinit2.o)
    0x08000226   0x08000226   0x00000000   Code   RO          203    .ARM.Collect$$libinit$$00000034  c_w.l(libinit2.o)
    0x08000226   0x08000226   0x00000002   Code   RO          204    .ARM.Collect$$libinit$$00000035  c_w.l(libinit2.o)
    0x08000228   0x08000228   0x00000002   Code   RO          279    .ARM.Collect$$libshutdown$$00000000  c_w.l(libshutdown.o)
    0x0800022a   0x0800022a   0x00000000   Code   RO          287    .ARM.Collect$$libshutdown$$00000002  c_w.l(libshutdown2.o)
    0x0800022a   0x0800022a   0x00000000   Code   RO          289    .ARM.Collect$$libshutdown$$00000004  c_w.l(libshutdown2.o)
    0x0800022a   0x0800022a   0x00000000   Code   RO          292    .ARM.Collect$$libshutdown$$00000007  c_w.l(libshutdown2.o)
    0x0800022a   0x0800022a   0x00000000   Code   RO          295    .ARM.Collect$$libshutdown$$0000000A  c_w.l(libshutdown2.o)
    0x0800022a   0x0800022a   0x00000000   Code   RO          297    .ARM.Collect$$libshutdown$$0000000C  c_w.l(libshutdown2.o)
    0x0800022a   0x0800022a   0x00000000   Code   RO          300    .ARM.Collect$$libshutdown$$0000000F  c_w.l(libshutdown2.o)
    0x0800022a   0x0800022a   0x00000002   Code   RO          301    .ARM.Collect$$libshutdown$$00000010  c_w.l(libshutdown2.o)
    0x0800022c   0x0800022c   0x00000000   Code   RO          157    .ARM.Collect$$rtentry$$00000000  c_w.l(__rtentry.o)
    0x0800022c   0x0800022c   0x00000000   Code   RO          206    .ARM.Collect$$rtentry$$00000002  c_w.l(__rtentry2.o)
    0x0800022c   0x0800022c   0x00000006   Code   RO          218    .ARM.Collect$$rtentry$$00000004  c_w.l(__rtentry4.o)
    0x08000232   0x08000232   0x00000000   Code   RO          208    .ARM.Collect$$rtentry$$00000009  c_w.l(__rtentry2.o)
    0x08000232   0x08000232   0x00000004   Code   RO          209    .ARM.Collect$$rtentry$$0000000A  c_w.l(__rtentry2.o)
    0x08000236   0x08000236   0x00000000   Code   RO          211    .ARM.Collect$$rtentry$$0000000C  c_w.l(__rtentry2.o)
    0x08000236   0x08000236   0x00000008   Code   RO          212    .ARM.Collect$$rtentry$$0000000D  c_w.l(__rtentry2.o)
    0x0800023e   0x0800023e   0x00000002   Code   RO          245    .ARM.Collect$$rtexit$$00000000  c_w.l(rtexit.o)
    0x08000240   0x08000240   0x00000000   Code   RO          257    .ARM.Collect$$rtexit$$00000002  c_w.l(rtexit2.o)
    0x08000240   0x08000240   0x00000004   Code   RO          258    .ARM.Collect$$rtexit$$00000003  c_w.l(rtexit2.o)
    0x08000244   0x08000244   0x00000006   Code   RO          259    .ARM.Collect$$rtexit$$00000004  c_w.l(rtexit2.o)
    0x0800024a   0x0800024a   0x00000002   PAD
    0x0800024c   0x0800024c   0x00000034   Code   RO          148    .emb_text           c_w.l(rand.o)
    0x08000280   0x08000280   0x00000040   Code   RO          124  * .text               startup_stm32f446xx.o
    0x080002c0   0x080002c0   0x00000008   Code   RO          146    .text               c_w.l(abs.o)
    0x080002c8   0x080002c8   0x0000003c   Code   RO          149    .text               c_w.l(rand.o)
    0x08000304   0x08000304   0x00000006   Code   RO          153    .text               c_w.l(heapauxi.o)
    0x0800030a   0x0800030a   0x0000004a   Code   RO          224    .text               c_w.l(sys_stackheap_outer.o)
    0x08000354   0x08000354   0x00000012   Code   RO          226    .text               c_w.l(exit.o)
    0x08000366   0x08000366   0x00000002   PAD
    0x08000368   0x08000368   0x00000008   Code   RO          242    .text               c_w.l(libspace.o)
    0x08000370   0x08000370   0x00000002   Code   RO          253    .text               c_w.l(use_no_semi.o)
    0x08000372   0x08000372   0x00000000   Code   RO          255    .text               c_w.l(indicate_semi.o)
    0x08000372   0x08000372   0x00000002   PAD
    0x08000374   0x08000374   0x0000000c   Code   RO          269    .text               c_w.l(sys_exit.o)
    0x08000380   0x08000380   0x000001bc   Code   RO           12    .text.GPIO_Init     gpio.o
    0x0800053c   0x0800053c   0x00000044   Code   RO           10    .text.GPIO_WritePin  gpio.o
    0x08000580   0x08000580   0x00000052   Code   RO           25    .text.SysTick_Config  sys_init.o
    0x080005d2   0x080005d2   0x00000002   PAD
    0x080005d4   0x080005d4   0x00000010   Code   RO           21    .text.SysTick_Handler  sys_init.o
    0x080005e4   0x080005e4   0x00000012   Code   RO          131    .text.SystemInit    system_stm32f4xx.o
    0x080005f6   0x080005f6   0x00000002   PAD
    0x080005f8   0x080005f8   0x0000009a   Code   RO           55    .text.UART2_Config  usart.o
    0x08000692   0x08000692   0x00000002   PAD
    0x08000694   0x08000694   0x00000042   Code   RO           31    .text.__NVIC_SetPriority  sys_init.o
    0x080006d6   0x080006d6   0x00000002   PAD
    0x080006d8   0x080006d8   0x00000016   Code   RO           72    .text.get_random    main.o
    0x080006ee   0x080006ee   0x00000002   PAD
    0x080006f0   0x080006f0   0x000000d6   Code   RO            2    .text.initClock     clock.o
    0x080007c6   0x080007c6   0x00000002   PAD
    0x080007c8   0x080007c8   0x00000068   Code   RO           90    .text.init_cars     main.o
    0x08000830   0x08000830   0x00000018   Code   RO           88    .text.init_lights   main.o
    0x08000848   0x08000848   0x000000ee   Code   RO           92    .text.init_pins     main.o
    0x08000936   0x08000936   0x00000002   PAD
    0x08000938   0x08000938   0x00000076   Code   RO           76    .text.left_right_traffic_load  main.o
    0x080009ae   0x080009ae   0x00000002   PAD
    0x080009b0   0x080009b0   0x000001d4   Code   RO           96    .text.main          main.o
    0x08000b84   0x08000b84   0x00000030   Code   RO           29    .text.ms_delay      sys_init.o
    0x08000bb4   0x08000bb4   0x00000010   Code   RO           23    .text.sysInit       sys_init.o
    0x08000bc4   0x08000bc4   0x000000f6   Code   RO           94    .text.turn_on_the_lights  main.o
    0x08000cba   0x08000cba   0x00000002   PAD
    0x08000cbc   0x08000cbc   0x00000074   Code   RO           74    .text.up_down_traffic_load  main.o
    0x08000d30   0x08000d30   0x0000019e   Code   RO           78    .text.update_cars   main.o
    0x08000ece   0x08000ece   0x00000002   PAD
    0x08000ed0   0x08000ed0   0x00000058   Code   RO           80    .text.update_left_cars  main.o
    0x08000f28   0x08000f28   0x00000058   Code   RO           86    .text.update_lower_cars  main.o
    0x08000f80   0x08000f80   0x00000058   Code   RO           82    .text.update_right_cars  main.o
    0x08000fd8   0x08000fd8   0x00000058   Code   RO           84    .text.update_upper_cars  main.o
    0x08001030   0x08001030   0x0000001a   Code   RO          222    x$fpl$fpinit        fz_wm.l(fpinit.o)
    0x0800104a   0x0800104a   0x00000002   PAD
    0x0800104c   0x0800104c   0x00000010   Data   RO          319    Region$$Table       anon$$obj.o


    Execution Region ER_RW (Exec base: 0x20000000, Load base: 0x0800105c, Size: 0x00000000, Max: 0xffffffff, ABSOLUTE)

    **** No section assigned to this execution region ****


    Execution Region ER_ZI (Exec base: 0x20000000, Load base: 0x0800105c, Size: 0x00000808, Max: 0xffffffff, ABSOLUTE)

    Exec Addr    Load Addr    Size         Type   Attr      Idx    E Section Name        Object

    0x20000000        -       0x000000e4   Zero   RW          150    .bss                c_w.l(rand.o)
    0x200000e4        -       0x00000060   Zero   RW          243    .bss                c_w.l(libspace.o)
    0x20000144        -       0x00000010   Zero   RW          109    .bss.Left_Right_Lights  main.o
    0x20000154        -       0x00000010   Zero   RW          107    .bss.Left_car       main.o
    0x20000164        -       0x00000010   Zero   RW          105    .bss.Lower_car      main.o
    0x20000174        -       0x00000010   Zero   RW          106    .bss.Right_car      main.o
    0x20000184        -       0x00000010   Zero   RW          108    .bss.Up_Down_Lights  main.o
    0x20000194        -       0x00000010   Zero   RW          104    .bss.Upper_car      main.o
    0x200001a4        -       0x00000010   Zero   RW          100    .bss.left_car       main.o
    0x200001b4        -       0x00000010   Zero   RW          103    .bss.left_right_lights  main.o
    0x200001c4        -       0x00000010   Zero   RW           99    .bss.lower_car      main.o
    0x200001d4        -       0x00000004   Zero   RW           33    .bss.msTicks        sys_init.o
    0x200001d8        -       0x00000010   Zero   RW          101    .bss.right_car      main.o
    0x200001e8        -       0x00000010   Zero   RW          102    .bss.up_down_lights  main.o
    0x200001f8        -       0x00000010   Zero   RW           98    .bss.upper_car      main.o
    0x20000208        -       0x00000200   Zero   RW          122    HEAP                startup_stm32f446xx.o
    0x20000408        -       0x00000400   Zero   RW          121    STACK               startup_stm32f446xx.o


==============================================================================

Image component sizes


      Code (inc. data)   RO Data    RW Data    ZI Data      Debug   Object Name

       214          0          0          0          0       1805   clock.o
       512          0          0          0          0       2733   gpio.o
      2102          0          0          0        192       4624   main.o
        64         26        452          0       1536        924   startup_stm32f446xx.o
       228          0          0          0          4       4689   sys_init.o
        18          0          0          0          0       2769   system_stm32f4xx.o
       154          0          0          0          0       3476   usart.o

    ----------------------------------------------------------------------
      3312         26        468          0       1732      21020   Object Totals
         0          0         16          0          0          0   (incl. Generated)
        20          0          0          0          0          0   (incl. Padding)

    ----------------------------------------------------------------------

      Code (inc. data)   RO Data    RW Data    ZI Data      Debug   Library Member Name

         8          0          0          0          0         68   __main.o
         0          0          0          0          0          0   __rtentry.o
        12          0          0          0          0          0   __rtentry2.o
         6          0          0          0          0          0   __rtentry4.o
        52          8          0          0          0          0   __scatter.o
        28          0          0          0          0          0   __scatter_zi.o
         8          0          0          0          0         68   abs.o
        18          0          0          0          0         80   exit.o
         6          0          0          0          0        152   heapauxi.o
         0          0          0          0          0          0   indicate_semi.o
         2          0          0          0          0          0   libinit.o
        10          0          0          0          0          0   libinit2.o
         2          0          0          0          0          0   libshutdown.o
         2          0          0          0          0          0   libshutdown2.o
         8          4          0          0         96         68   libspace.o
       112         18          0          0        228        160   rand.o
         2          0          0          0          0          0   rtexit.o
        10          0          0          0          0          0   rtexit2.o
        12          4          0          0          0         68   sys_exit.o
        74          0          0          0          0         80   sys_stackheap_outer.o
         2          0          0          0          0         68   use_no_semi.o
        26          0          0          0          0        116   fpinit.o

    ----------------------------------------------------------------------
       408         34          0          0        324        928   Library Totals
         8          0          0          0          0          0   (incl. Padding)

    ----------------------------------------------------------------------

      Code (inc. data)   RO Data    RW Data    ZI Data      Debug   Library Name

       374         34          0          0        324        812   c_w.l
        26          0          0          0          0        116   fz_wm.l

    ----------------------------------------------------------------------
       408         34          0          0        324        928   Library Totals

    ----------------------------------------------------------------------

==============================================================================


      Code (inc. data)   RO Data    RW Data    ZI Data      Debug   

      3720         60        468          0       2056      21468   Grand Totals
      3720         60        468          0       2056      21468   ELF Image Totals
      3720         60        468          0          0          0   ROM Totals

==============================================================================

    Total RO  Size (Code + RO Data)                 4188 (   4.09kB)
    Total RW  Size (RW Data + ZI Data)              2056 (   2.01kB)
    Total ROM Size (Code + RO Data + RW Data)       4188 (   4.09kB)

==============================================================================

